src/shared/types/chat.types.ts(48,33): error TS1010: '*/' expected.
